


78K0R Linker W1.70                            Date:31 Aug 2015 Page:   1

Command:   -yF:\Ruisa_CubeSuit\CubeSuite+\Device\RL78\Devicefile -_msgof
           f -oDefaultBuild\PIXHAWK_08_31.lmf -gi00000000000000000000h -
           go84h,0FE00h,512 -gb0EFFFE8H -mi0 -s -pDefaultBuild\PIXHAWK_0
           8_31.map F:\Ruisa_CubeSuit\CubeSuite+\CA78K0R\V1.60\lib78k0r\
           s0rll.rel DefaultBuild\r_main.rel DefaultBuild\r_systeminit.r
           el DefaultBuild\r_cg_cgc.rel DefaultBuild\r_cg_cgc_user.rel D
           efaultBuild\r_cg_port.rel DefaultBuild\r_cg_port_user.rel Def
           aultBuild\r_cg_serial.rel DefaultBuild\r_cg_serial_user.rel D
           efaultBuild\r_cg_it.rel DefaultBuild\r_cg_it_user.rel Default
           Build\mavlink_recieve.rel DefaultBuild\delay.rel DefaultBuild
           \r_cg_timer.rel DefaultBuild\r_cg_timer_user.rel DefaultBuild
           \pix_control.rel DefaultBuild\task_test.rel DefaultBuild\r_ca
           mera.rel DefaultBuild\r_cg_intc.rel DefaultBuild\r_cg_intc_us
           er.rel DefaultBuild\task.rel -bcl0ram.lib -bcl0rm.lib -bcl0rm
           f.lib -iF:\Ruisa_CubeSuit\CubeSuite+\CA78K0R\V1.60\lib78k0r
Para-file:
Out-file:  DefaultBuild\PIXHAWK_08_31.lmf
Map-file:  DefaultBuild\PIXHAWK_08_31.map
Direc-file:
Directive:


*** Link information ***

    54 output segment(s)
 1E70H byte(s) real data
  1612 symbol(s) defined


*** Memory map ***


  SPACE=REGULAR

  MEMORY=ROM
  BASE ADDRESS=00000H   SIZE=10000H
         OUTPUT   INPUT    INPUT      BASE      SIZE
         SEGMENT  SEGMENT  MODULE     ADDRESS
         @@VECT00                     00000H    00002H  CSEG AT
                  @@VECT00 @cstart    00000H    00002H
         @@CNSTL                      00002H    00000H  CSEG PAGE64KP
                  @@CNSTL  @cstart    00002H    00000H
         @@CNSTL                      00002H    00000H  CSEG PAGE64KP
                  @@CNSTL  r_main     00002H    00000H
         @@CNSTL                      00002H    00000H  CSEG PAGE64KP
                  @@CNSTL  r_systeminit
                                      00002H    00000H
         @@CNSTL                      00002H    00000H  CSEG PAGE64KP
                  @@CNSTL  r_cg_cgc   00002H    00000H
         @@CNSTL                      00002H    00000H  CSEG PAGE64KP
                  @@CNSTL  r_cg_cgc_user
                                      00002H    00000H
         @@CNSTL                      00002H    00000H  CSEG PAGE64KP
                  @@CNSTL  r_cg_port
                                      00002H    00000H
         @@CNSTL                      00002H    00000H  CSEG PAGE64KP
                  @@CNSTL  r_cg_port_user
                                      00002H    00000H
         @@CNSTL                      00002H    00000H  CSEG PAGE64KP
                  @@CNSTL  r_cg_serial
                                      00002H    00000H
         @@CNSTL                      00002H    00000H  CSEG PAGE64KP
                  @@CNSTL  r_cg_serial_user
                                      00002H    00000H
         @@CNSTL                      00002H    00000H  CSEG PAGE64KP
                  @@CNSTL  r_cg_it    00002H    00000H
         @@CNSTL                      00002H    00000H  CSEG PAGE64KP
                  @@CNSTL  r_cg_it_user
                                      00002H    00000H
         @@CNSTL                      00002H    00000H  CSEG PAGE64KP
                  @@CNSTL  mavlink_recieve
                                      00002H    00000H
         @@CNSTL                      00002H    00000H  CSEG PAGE64KP
                  @@CNSTL  delay      00002H    00000H
         @@CNSTL                      00002H    00000H  CSEG PAGE64KP
                  @@CNSTL  r_cg_timer
                                      00002H    00000H
         @@CNSTL                      00002H    00000H  CSEG PAGE64KP
                  @@CNSTL  r_cg_timer_user
                                      00002H    00000H
         @@CNSTL                      00002H    00000H  CSEG PAGE64KP
                  @@CNSTL  pix_control
                                      00002H    00000H
         @@CNSTL                      00002H    00000H  CSEG PAGE64KP
                  @@CNSTL  task_test
                                      00002H    00000H
         @@CNSTL                      00002H    00000H  CSEG PAGE64KP
                  @@CNSTL  r_camera   00002H    00000H
         @@CNSTL                      00002H    00000H  CSEG PAGE64KP
                  @@CNSTL  r_cg_intc
                                      00002H    00000H
         @@CNSTL                      00002H    00000H  CSEG PAGE64KP
                  @@CNSTL  r_cg_intc_user
                                      00002H    00000H
         @@CNSTL                      00002H    00000H  CSEG PAGE64KP
                  @@CNSTL  task       00002H    00000H
         @@RLINIT                     00002H    00000H  CSEG UNIT64KP
                  @@RLINIT @cstart    00002H    00000H
                  @@RLINIT r_main     00002H    00000H
                  @@RLINIT r_systeminit
                                      00002H    00000H
                  @@RLINIT r_cg_cgc   00002H    00000H
                  @@RLINIT r_cg_cgc_user
                                      00002H    00000H
                  @@RLINIT r_cg_port
                                      00002H    00000H
                  @@RLINIT r_cg_port_user
                                      00002H    00000H
                  @@RLINIT r_cg_serial
                                      00002H    00000H
                  @@RLINIT r_cg_serial_user
                                      00002H    00000H
                  @@RLINIT r_cg_it    00002H    00000H
                  @@RLINIT r_cg_it_user
                                      00002H    00000H
                  @@RLINIT mavlink_recieve
                                      00002H    00000H
                  @@RLINIT delay      00002H    00000H
                  @@RLINIT r_cg_timer
                                      00002H    00000H
                  @@RLINIT r_cg_timer_user
                                      00002H    00000H
                  @@RLINIT pix_control
                                      00002H    00000H
                  @@RLINIT task_test
                                      00002H    00000H
                  @@RLINIT r_camera   00002H    00000H
                  @@RLINIT r_cg_intc
                                      00002H    00000H
                  @@RLINIT r_cg_intc_user
                                      00002H    00000H
                  @@RLINIT task       00002H    00000H
                  @@RLINIT @rom       00002H    00000H
         @@R_INIS                     00002H    00000H  CSEG UNIT64KP
                  @@R_INIS @cstart    00002H    00000H
                  @@R_INIS r_main     00002H    00000H
                  @@R_INIS r_systeminit
                                      00002H    00000H
                  @@R_INIS r_cg_cgc   00002H    00000H
                  @@R_INIS r_cg_cgc_user
                                      00002H    00000H
                  @@R_INIS r_cg_port
                                      00002H    00000H
                  @@R_INIS r_cg_port_user
                                      00002H    00000H
                  @@R_INIS r_cg_serial
                                      00002H    00000H
                  @@R_INIS r_cg_serial_user
                                      00002H    00000H
                  @@R_INIS r_cg_it    00002H    00000H
                  @@R_INIS r_cg_it_user
                                      00002H    00000H
                  @@R_INIS mavlink_recieve
                                      00002H    00000H
                  @@R_INIS delay      00002H    00000H
                  @@R_INIS r_cg_timer
                                      00002H    00000H
                  @@R_INIS r_cg_timer_user
                                      00002H    00000H
                  @@R_INIS pix_control
                                      00002H    00000H
                  @@R_INIS task_test
                                      00002H    00000H
                  @@R_INIS r_camera   00002H    00000H
                  @@R_INIS r_cg_intc
                                      00002H    00000H
                  @@R_INIS r_cg_intc_user
                                      00002H    00000H
                  @@R_INIS task       00002H    00000H
                  @@R_INIS @rom       00002H    00000H
         @@CALT                       00002H    00000H  CSEG
                  @@CALT   @cstart    00002H    00000H
                  @@CALT   r_main     00002H    00000H
                  @@CALT   r_systeminit
                                      00002H    00000H
                  @@CALT   r_cg_cgc   00002H    00000H
                  @@CALT   r_cg_cgc_user
                                      00002H    00000H
                  @@CALT   r_cg_port
                                      00002H    00000H
                  @@CALT   r_cg_port_user
                                      00002H    00000H
                  @@CALT   r_cg_serial
                                      00002H    00000H
                  @@CALT   r_cg_serial_user
                                      00002H    00000H
                  @@CALT   r_cg_it    00002H    00000H
                  @@CALT   r_cg_it_user
                                      00002H    00000H
                  @@CALT   mavlink_recieve
                                      00002H    00000H
                  @@CALT   delay      00002H    00000H
                  @@CALT   r_cg_timer
                                      00002H    00000H
                  @@CALT   r_cg_timer_user
                                      00002H    00000H
                  @@CALT   pix_control
                                      00002H    00000H
                  @@CALT   task_test
                                      00002H    00000H
                  @@CALT   r_camera   00002H    00000H
                  @@CALT   r_cg_intc
                                      00002H    00000H
                  @@CALT   r_cg_intc_user
                                      00002H    00000H
                  @@CALT   task       00002H    00000H
         ??NMIROM                     00002H    00002H  CSEG
* gap *                               00004H    0001AH
         @@VECT1E                     0001EH    00004H  CSEG AT
                  @@VECT1E r_cg_serial_user
                                      0001EH    00004H
* gap *                               00022H    00002H
         @@VECT24                     00024H    00002H  CSEG AT
                  @@VECT24 r_cg_serial_user
                                      00024H    00002H
* gap *                               00026H    00006H
         @@VECT2C                     0002CH    00008H  CSEG AT
                  @@VECT2C r_cg_timer_user
                                      0002CH    00008H
* gap *                               00034H    00004H
         @@VECT38                     00038H    00002H  CSEG AT
                  @@VECT38 r_cg_it_user
                                      00038H    00002H
         @@VECT3A                     0003AH    00002H  CSEG AT
                  @@VECT3A r_cg_intc_user
                                      0003AH    00002H
* gap *                               0003CH    00006H
         @@VECT42                     00042H    00006H  CSEG AT
                  @@VECT42 r_cg_timer_user
                                      00042H    00006H
* gap *                               00048H    0000AH
         @@VECT52                     00052H    00004H  CSEG AT
                  @@VECT52 r_cg_intc_user
                                      00052H    00004H
         @@R_INIT                     00056H    0002EH  CSEG UNIT64KP
                  @@R_INIT @cstart    00056H    00000H
                  @@R_INIT r_main     00056H    00000H
                  @@R_INIT r_systeminit
                                      00056H    00000H
                  @@R_INIT r_cg_cgc   00056H    00000H
                  @@R_INIT r_cg_cgc_user
                                      00056H    00000H
                  @@R_INIT r_cg_port
                                      00056H    00000H
                  @@R_INIT r_cg_port_user
                                      00056H    00000H
                  @@R_INIT r_cg_serial
                                      00056H    00000H
                  @@R_INIT r_cg_serial_user
                                      00056H    00006H
                  @@R_INIT r_cg_it    0005CH    00000H
                  @@R_INIT r_cg_it_user
                                      0005CH    0000CH
                  @@R_INIT mavlink_recieve
                                      00068H    00000H
                  @@R_INIT delay      00068H    00000H
                  @@R_INIT r_cg_timer
                                      00068H    00000H
                  @@R_INIT r_cg_timer_user
                                      00068H    00004H
                  @@R_INIT pix_control
                                      0006CH    00000H
                  @@R_INIT task_test
                                      0006CH    00000H
                  @@R_INIT r_camera   0006CH    00018H
                  @@R_INIT r_cg_intc
                                      00084H    00000H
                  @@R_INIT r_cg_intc_user
                                      00084H    00000H
                  @@R_INIT task       00084H    00000H
                  @@R_INIT @rom       00084H    00000H
* gap *                               00084H    0003CH
         ?CSEGOB0                     000C0H    00004H  CSEG OPT_BYTE
         @@CODE                       000C4H    00000H  CSEG BASE
                  @@CODE   r_main     000C4H    00000H
                  @@CODE   r_systeminit
                                      000C4H    00000H
                  @@CODE   r_cg_cgc   000C4H    00000H
                  @@CODE   r_cg_cgc_user
                                      000C4H    00000H
                  @@CODE   r_cg_port
                                      000C4H    00000H
                  @@CODE   r_cg_port_user
                                      000C4H    00000H
                  @@CODE   r_cg_serial
                                      000C4H    00000H
                  @@CODE   r_cg_serial_user
                                      000C4H    00000H
                  @@CODE   r_cg_it    000C4H    00000H
                  @@CODE   r_cg_it_user
                                      000C4H    00000H
                  @@CODE   mavlink_recieve
                                      000C4H    00000H
                  @@CODE   delay      000C4H    00000H
                  @@CODE   r_cg_timer
                                      000C4H    00000H
                  @@CODE   r_cg_timer_user
                                      000C4H    00000H
                  @@CODE   pix_control
                                      000C4H    00000H
                  @@CODE   task_test
                                      000C4H    00000H
                  @@CODE   r_camera   000C4H    00000H
                  @@CODE   r_cg_intc
                                      000C4H    00000H
                  @@CODE   r_cg_intc_user
                                      000C4H    00000H
                  @@CODE   task       000C4H    00000H
         ?CSEGSI                      000C4H    0000AH  CSEG
         ?OCDSTAD                     000CEH    0000AH  CSEG
         @@LCODE                      000D8H    003F6H  CSEG BASE
                  @@LCODE  @cstart    000D8H    000ADH
                  @@LCODE  m_fmul     00185H    0012BH
                  @@LCODE  @ladd      002B0H    0000FH
                  @@LCODE  @iscmp     002BFH    0000CH
                  @@LCODE  m_fcom1    002CBH    000CFH
                  @@LCODE  m_fcom5    0039AH    0002AH
                  @@LCODE  m_fcom6    003C4H    0001FH
                  @@LCODE  m_fcmp     003E3H    00073H
                  @@LCODE  m_ftols    00456H    00078H
         @@BASE                       004CEH    0027DH  CSEG BASE
                  @@BASE   r_main     004CEH    00000H
                  @@BASE   r_systeminit
                                      004CEH    00000H
                  @@BASE   r_cg_cgc   004CEH    00000H
                  @@BASE   r_cg_cgc_user
                                      004CEH    00000H
                  @@BASE   r_cg_port
                                      004CEH    00000H
                  @@BASE   r_cg_port_user
                                      004CEH    00000H
                  @@BASE   r_cg_serial
                                      004CEH    00000H
                  @@BASE   r_cg_serial_user
                                      004CEH    0018AH
                  @@BASE   r_cg_it    00658H    00000H
                  @@BASE   r_cg_it_user
                                      00658H    00069H
                  @@BASE   mavlink_recieve
                                      006C1H    00000H
                  @@BASE   delay      006C1H    00000H
                  @@BASE   r_cg_timer
                                      006C1H    00000H
                  @@BASE   r_cg_timer_user
                                      006C1H    00084H
                  @@BASE   pix_control
                                      00745H    00000H
                  @@BASE   task_test
                                      00745H    00000H
                  @@BASE   r_camera   00745H    00000H
                  @@BASE   r_cg_intc
                                      00745H    00000H
                  @@BASE   r_cg_intc_user
                                      00745H    00006H
                  @@BASE   task       0074BH    00000H
* gap *                               0074BH    00001H
         @@CNSTL                      0074CH    000CEH  CSEG PAGE64KP
                  @@CNSTL  m_fcom5    0074CH    000CEH
         @@CODEL                      0081AH    00FA2H  CSEG
                  @@CODEL  r_main     0081AH    00060H
                  @@CODEL  r_systeminit
                                      0087AH    00032H
                  @@CODEL  r_cg_cgc   008ACH    00017H
                  @@CODEL  r_cg_cgc_user
                                      008C3H    00005H
                  @@CODEL  r_cg_port
                                      008C8H    00017H
                  @@CODEL  r_cg_port_user
                                      008DFH    00000H
                  @@CODEL  r_cg_serial
                                      008DFH    00370H
                  @@CODEL  r_cg_serial_user
                                      00C4FH    000C3H
                  @@CODEL  r_cg_it    00D12H    00032H
                  @@CODEL  r_cg_it_user
                                      00D44H    00007H
                  @@CODEL  mavlink_recieve
                                      00D4BH    000F4H
                  @@CODEL  delay      00E3FH    00086H
                  @@CODEL  r_cg_timer
                                      00EC5H    0029AH
                  @@CODEL  r_cg_timer_user
                                      0115FH    00000H
                  @@CODEL  pix_control
                                      0115FH    00054H
                  @@CODEL  task_test
                                      011B3H    0003EH
                  @@CODEL  r_camera   011F1H    00401H
                  @@CODEL  r_cg_intc
                                      015F2H    000CCH
                  @@CODEL  r_cg_intc_user
                                      016BEH    00000H
                  @@CODEL  task       016BEH    000FEH
         @@LCODEL                     017BCH    00507H  CSEG
                  @@LCODEL @stkinit   017BCH    00044H
                  @@LCODEL sprintf_n
                                      01800H    0046AH
                  @@LCODEL exit       01C6AH    0001CH
                  @@LCODEL memcpy_n   01C86H    0001AH
                  @@LCODEL memset_n   01CA0H    00019H
                  @@LCODEL strlen_n   01CB9H    0000AH
* gap *                               01CC3H    0033DH
         @@CNST                       02000H    00020H  CSEG MIRRORP
                  @@CNST   @cstart    02000H    00000H
                  @@CNST   r_main     02000H    00000H
                  @@CNST   r_systeminit
                                      02000H    00000H
                  @@CNST   r_cg_cgc   02000H    00000H
                  @@CNST   r_cg_cgc_user
                                      02000H    00000H
                  @@CNST   r_cg_port
                                      02000H    00000H
                  @@CNST   r_cg_port_user
                                      02000H    00000H
                  @@CNST   r_cg_serial
                                      02000H    0001EH
                  @@CNST   r_cg_serial_user
                                      0201EH    00000H
                  @@CNST   r_cg_it    0201EH    00000H
                  @@CNST   r_cg_it_user
                                      0201EH    00000H
                  @@CNST   mavlink_recieve
                                      0201EH    00000H
                  @@CNST   delay      0201EH    00000H
                  @@CNST   r_cg_timer
                                      0201EH    00000H
                  @@CNST   r_cg_timer_user
                                      0201EH    00000H
                  @@CNST   pix_control
                                      0201EH    00000H
                  @@CNST   task_test
                                      0201EH    00000H
                  @@CNST   r_camera   0201EH    00002H
                  @@CNST   r_cg_intc
                                      02020H    00000H
                  @@CNST   r_cg_intc_user
                                      02020H    00000H
                  @@CNST   task       02020H    00000H
* gap *                               02020H    0DDE0H
         ??OCDROM                     0FE00H    00200H  CSEG

  MEMORY=RAM
  BASE ADDRESS=FEF00H   SIZE=01100H
         OUTPUT   INPUT    INPUT      BASE      SIZE
         SEGMENT  SEGMENT  MODULE     ADDRESS
         @@DATA                       FEF00H    00476H  DSEG BASEP
                  @@DATA   @cstart    FEF00H    000BAH
                  @@DATA   r_main     FEFBAH    00000H
                  @@DATA   r_systeminit
                                      FEFBAH    00000H
                  @@DATA   r_cg_cgc   FEFBAH    00000H
                  @@DATA   r_cg_cgc_user
                                      FEFBAH    00000H
                  @@DATA   r_cg_port
                                      FEFBAH    00000H
                  @@DATA   r_cg_port_user
                                      FEFBAH    00000H
                  @@DATA   r_cg_serial
                                      FEFBAH    00048H
                  @@DATA   r_cg_serial_user
                                      FF002H    0007AH
                  @@DATA   r_cg_it    FF07CH    00000H
                  @@DATA   r_cg_it_user
                                      FF07CH    00002H
                  @@DATA   mavlink_recieve
                                      FF07EH    00024H
                  @@DATA   delay      FF0A2H    00000H
                  @@DATA   r_cg_timer
                                      FF0A2H    00000H
                  @@DATA   r_cg_timer_user
                                      FF0A2H    00000H
                  @@DATA   pix_control
                                      FF0A2H    00000H
                  @@DATA   task_test
                                      FF0A2H    00000H
                  @@DATA   r_camera   FF0A2H    00000H
                  @@DATA   r_cg_intc
                                      FF0A2H    00000H
                  @@DATA   r_cg_intc_user
                                      FF0A2H    00000H
                  @@DATA   task       FF0A2H    002D4H
                  @@DATA   @rom       FF376H    00000H
         @@INIT                       FF376H    0002EH  DSEG BASEP
                  @@INIT   @cstart    FF376H    00000H
                  @@INIT   r_main     FF376H    00000H
                  @@INIT   r_systeminit
                                      FF376H    00000H
                  @@INIT   r_cg_cgc   FF376H    00000H
                  @@INIT   r_cg_cgc_user
                                      FF376H    00000H
                  @@INIT   r_cg_port
                                      FF376H    00000H
                  @@INIT   r_cg_port_user
                                      FF376H    00000H
                  @@INIT   r_cg_serial
                                      FF376H    00000H
                  @@INIT   r_cg_serial_user
                                      FF376H    00006H
                  @@INIT   r_cg_it    FF37CH    00000H
                  @@INIT   r_cg_it_user
                                      FF37CH    0000CH
                  @@INIT   mavlink_recieve
                                      FF388H    00000H
                  @@INIT   delay      FF388H    00000H
                  @@INIT   r_cg_timer
                                      FF388H    00000H
                  @@INIT   r_cg_timer_user
                                      FF388H    00004H
                  @@INIT   pix_control
                                      FF38CH    00000H
                  @@INIT   task_test
                                      FF38CH    00000H
                  @@INIT   r_camera   FF38CH    00018H
                  @@INIT   r_cg_intc
                                      FF3A4H    00000H
                  @@INIT   r_cg_intc_user
                                      FF3A4H    00000H
                  @@INIT   task       FF3A4H    00000H
                  @@INIT   @rom       FF3A4H    00000H
         @@INIS                       FF3A4H    00000H  DSEG UNITP
                  @@INIS   @cstart    FF3A4H    00000H
                  @@INIS   r_main     FF3A4H    00000H
                  @@INIS   r_systeminit
                                      FF3A4H    00000H
                  @@INIS   r_cg_cgc   FF3A4H    00000H
                  @@INIS   r_cg_cgc_user
                                      FF3A4H    00000H
                  @@INIS   r_cg_port
                                      FF3A4H    00000H
                  @@INIS   r_cg_port_user
                                      FF3A4H    00000H
                  @@INIS   r_cg_serial
                                      FF3A4H    00000H
                  @@INIS   r_cg_serial_user
                                      FF3A4H    00000H
                  @@INIS   r_cg_it    FF3A4H    00000H
                  @@INIS   r_cg_it_user
                                      FF3A4H    00000H
                  @@INIS   mavlink_recieve
                                      FF3A4H    00000H
                  @@INIS   delay      FF3A4H    00000H
                  @@INIS   r_cg_timer
                                      FF3A4H    00000H
                  @@INIS   r_cg_timer_user
                                      FF3A4H    00000H
                  @@INIS   pix_control
                                      FF3A4H    00000H
                  @@INIS   task_test
                                      FF3A4H    00000H
                  @@INIS   r_camera   FF3A4H    00000H
                  @@INIS   r_cg_intc
                                      FF3A4H    00000H
                  @@INIS   r_cg_intc_user
                                      FF3A4H    00000H
                  @@INIS   task       FF3A4H    00000H
                  @@INIS   @rom       FF3A4H    00000H
         @@DATS                       FF3A4H    00000H  DSEG UNITP
                  @@DATS   @cstart    FF3A4H    00000H
                  @@DATS   r_main     FF3A4H    00000H
                  @@DATS   r_systeminit
                                      FF3A4H    00000H
                  @@DATS   r_cg_cgc   FF3A4H    00000H
                  @@DATS   r_cg_cgc_user
                                      FF3A4H    00000H
                  @@DATS   r_cg_port
                                      FF3A4H    00000H
                  @@DATS   r_cg_port_user
                                      FF3A4H    00000H
                  @@DATS   r_cg_serial
                                      FF3A4H    00000H
                  @@DATS   r_cg_serial_user
                                      FF3A4H    00000H
                  @@DATS   r_cg_it    FF3A4H    00000H
                  @@DATS   r_cg_it_user
                                      FF3A4H    00000H
                  @@DATS   mavlink_recieve
                                      FF3A4H    00000H
                  @@DATS   delay      FF3A4H    00000H
                  @@DATS   r_cg_timer
                                      FF3A4H    00000H
                  @@DATS   r_cg_timer_user
                                      FF3A4H    00000H
                  @@DATS   pix_control
                                      FF3A4H    00000H
                  @@DATS   task_test
                                      FF3A4H    00000H
                  @@DATS   r_camera   FF3A4H    00000H
                  @@DATS   r_cg_intc
                                      FF3A4H    00000H
                  @@DATS   r_cg_intc_user
                                      FF3A4H    00000H
                  @@DATS   task       FF3A4H    00000H
                  @@DATS   @rom       FF3A4H    00000H
         @@INITL                      FF3A4H    00000H  DSEG UNIT64KP
                  @@INITL  @cstart    FF3A4H    00000H
                  @@INITL  r_main     FF3A4H    00000H
                  @@INITL  r_systeminit
                                      FF3A4H    00000H
                  @@INITL  r_cg_cgc   FF3A4H    00000H
                  @@INITL  r_cg_cgc_user
                                      FF3A4H    00000H
                  @@INITL  r_cg_port
                                      FF3A4H    00000H
                  @@INITL  r_cg_port_user
                                      FF3A4H    00000H
                  @@INITL  r_cg_serial
                                      FF3A4H    00000H
                  @@INITL  r_cg_serial_user
                                      FF3A4H    00000H
                  @@INITL  r_cg_it    FF3A4H    00000H
                  @@INITL  r_cg_it_user
                                      FF3A4H    00000H
                  @@INITL  mavlink_recieve
                                      FF3A4H    00000H
                  @@INITL  delay      FF3A4H    00000H
                  @@INITL  r_cg_timer
                                      FF3A4H    00000H
                  @@INITL  r_cg_timer_user
                                      FF3A4H    00000H
                  @@INITL  pix_control
                                      FF3A4H    00000H
                  @@INITL  task_test
                                      FF3A4H    00000H
                  @@INITL  r_camera   FF3A4H    00000H
                  @@INITL  r_cg_intc
                                      FF3A4H    00000H
                  @@INITL  r_cg_intc_user
                                      FF3A4H    00000H
                  @@INITL  task       FF3A4H    00000H
                  @@INITL  @rom       FF3A4H    00000H
         @@DATAL                      FF3A4H    00000H  DSEG UNIT64KP
                  @@DATAL  @cstart    FF3A4H    00000H
                  @@DATAL  r_main     FF3A4H    00000H
                  @@DATAL  r_systeminit
                                      FF3A4H    00000H
                  @@DATAL  r_cg_cgc   FF3A4H    00000H
                  @@DATAL  r_cg_cgc_user
                                      FF3A4H    00000H
                  @@DATAL  r_cg_port
                                      FF3A4H    00000H
                  @@DATAL  r_cg_port_user
                                      FF3A4H    00000H
                  @@DATAL  r_cg_serial
                                      FF3A4H    00000H
                  @@DATAL  r_cg_serial_user
                                      FF3A4H    00000H
                  @@DATAL  r_cg_it    FF3A4H    00000H
                  @@DATAL  r_cg_it_user
                                      FF3A4H    00000H
                  @@DATAL  mavlink_recieve
                                      FF3A4H    00000H
                  @@DATAL  delay      FF3A4H    00000H
                  @@DATAL  r_cg_timer
                                      FF3A4H    00000H
                  @@DATAL  r_cg_timer_user
                                      FF3A4H    00000H
                  @@DATAL  pix_control
                                      FF3A4H    00000H
                  @@DATAL  task_test
                                      FF3A4H    00000H
                  @@DATAL  r_camera   FF3A4H    00000H
                  @@DATAL  r_cg_intc
                                      FF3A4H    00000H
                  @@DATAL  r_cg_intc_user
                                      FF3A4H    00000H
                  @@DATAL  task       FF3A4H    00000H
                  @@DATAL  @rom       FF3A4H    00000H
         @@BITS                       FF3A4H    00000H  BSEG
                  @@BITS   @cstart    FF3A4H.0  00000H.0
                  @@BITS   r_main     FF3A4H.0  00000H.0
                  @@BITS   r_systeminit
                                      FF3A4H.0  00000H.0
                  @@BITS   r_cg_cgc   FF3A4H.0  00000H.0
                  @@BITS   r_cg_cgc_user
                                      FF3A4H.0  00000H.0
                  @@BITS   r_cg_port
                                      FF3A4H.0  00000H.0
                  @@BITS   r_cg_port_user
                                      FF3A4H.0  00000H.0
                  @@BITS   r_cg_serial
                                      FF3A4H.0  00000H.0
                  @@BITS   r_cg_serial_user
                                      FF3A4H.0  00000H.0
                  @@BITS   r_cg_it    FF3A4H.0  00000H.0
                  @@BITS   r_cg_it_user
                                      FF3A4H.0  00000H.0
                  @@BITS   mavlink_recieve
                                      FF3A4H.0  00000H.0
                  @@BITS   delay      FF3A4H.0  00000H.0
                  @@BITS   r_cg_timer
                                      FF3A4H.0  00000H.0
                  @@BITS   r_cg_timer_user
                                      FF3A4H.0  00000H.0
                  @@BITS   pix_control
                                      FF3A4H.0  00000H.0
                  @@BITS   task_test
                                      FF3A4H.0  00000H.0
                  @@BITS   r_camera   FF3A4H.0  00000H.0
                  @@BITS   r_cg_intc
                                      FF3A4H.0  00000H.0
                  @@BITS   r_cg_intc_user
                                      FF3A4H.0  00000H.0
                  @@BITS   task       FF3A4H.0  00000H.0
* gap *                               FF3A4H    00B30H
         @@SEGREG                     FFED4H    00004H  DSEG AT
                  @@SEGREG @SEGREG    FFED4H    00004H
         @@RTARG0                     FFED8H    00008H  DSEG AT
                  @@RTARG0 @RTARG0    FFED8H    00008H
* gap *                               FFEE0H    00020H
* gap (Not Free Area) *               FFF00H    00100H


 Target chip : R5F100LE
 Device file : V1.12
